# tracer: function
#
# entries-in-buffer/entries-written: 8398/8398   #P:4
#
#                                _-----=> irqs-off
#                               / _----=> need-resched
#                              | / _---=> hardirq/softirq
#                              || / _--=> preempt-depth
#                              ||| / _-=> migrate-disable
#                              |||| /     delay
#           TASK-PID     CPU#  |||||  TIMESTAMP  FUNCTION
#              | |         |   |||||     |         |
      trace_prog-1086    [000] .....    22.022715: sched_process_fork: comm=trace_prog pid=1086 child_comm=trace_prog child_pid=1087
      trace_prog-1086    [000] d....    22.022715: sched_wakeup_new: comm=trace_prog pid=1087 prio=120 target_cpu=001
      trace_prog-1086    [000] d....    22.022715: sched_switch: prev_comm=trace_prog prev_pid=1086 prev_prio=120 prev_state=D ==> next_comm=swapper/0 next_pid=0 next_prio=120
          <idle>-0       [000] d.s..    22.023715: sched_waking: comm=rcu_sched pid=11 prio=120 target_cpu=001
          <idle>-0       [000] d.s..    22.023715: sched_migrate_task: comm=rcu_sched pid=11 prio=120 orig_cpu=1 dest_cpu=0
          <idle>-0       [000] dNs..    22.023715: sched_wakeup: comm=rcu_sched pid=11 prio=120 target_cpu=000
          <idle>-0       [000] d....    22.023715: sched_switch: prev_comm=swapper/0 prev_pid=0 prev_prio=120 prev_state=R ==> next_comm=rcu_sched next_pid=11 next_prio=120
       rcu_sched-11      [000] d....    22.023715: sched_switch: prev_comm=rcu_sched prev_pid=11 prev_prio=120 prev_state=I ==> next_comm=swapper/0 next_pid=0 next_prio=120
          <idle>-0       [001] d....    22.023715: sched_switch: prev_comm=swapper/1 prev_pid=0 prev_prio=120 prev_state=R ==> next_comm=trace_prog next_pid=1087 next_prio=120
         32procs-1087    [001] d....    22.023715: sched_switch: prev_comm=trace_prog prev_pid=1087 prev_prio=120 prev_state=D ==> next_comm=swapper/1 next_pid=0 next_prio=120
          <idle>-0       [001] d.s..    22.024715: sched_waking: comm=trace_prog pid=1087 prio=120 target_cpu=001
          <idle>-0       [001] dNs..    22.024715: sched_wakeup: comm=trace_prog pid=1087 prio=120 target_cpu=001
          <idle>-0       [001] d....    22.024715: sched_switch: prev_comm=swapper/1 prev_pid=0 prev_prio=120 prev_state=R ==> next_comm=trace_prog next_pid=1087 next_prio=120
         32procs-1087    [001] d....    22.024715: sched_waking: comm=kworker/1:1H pid=51 prio=100 target_cpu=001
         32procs-1087    [001] dN...    22.024715: sched_wakeup: comm=kworker/1:1H pid=51 prio=100 target_cpu=001
         32procs-1087    [001] d....    22.024715: sched_switch: prev_comm=trace_prog prev_pid=1087 prev_prio=120 prev_state=R+ ==> next_comm=kworker/1:1H next_pid=51 next_prio=100
    kworker/1:1H-51      [001] d....    22.024715: sched_switch: prev_comm=kworker/1:1H prev_pid=51 prev_prio=100 prev_state=I ==> next_comm=trace_prog next_pid=1087 next_prio=120
         32procs-1087    [001] d....    22.024715: sched_switch: prev_comm=trace_prog prev_pid=1087 prev_prio=120 prev_state=D ==> next_comm=swapper/1 next_pid=0 next_prio=120
          <idle>-0       [000] dNh..    22.025715: sched_wakeup: comm=rcu_sched pid=11 prio=120 target_cpu=000
          <idle>-0       [001] d.s..    22.025715: sched_waking: comm=rcu_sched pid=11 prio=120 target_cpu=000
          <idle>-0       [001] d.s..    22.025715: sched_waking: comm=trace_prog pid=1087 prio=120 target_cpu=001
          <idle>-0       [001] dNs..    22.025715: sched_wakeup: comm=trace_prog pid=1087 prio=120 target_cpu=001
          <idle>-0       [001] d....    22.025715: sched_switch: prev_comm=swapper/1 prev_pid=0 prev_prio=120 prev_state=R ==> next_comm=trace_prog next_pid=1087 next_prio=120
         32procs-1087    [001] d....    22.025715: sched_switch: prev_comm=trace_prog prev_pid=1087 prev_prio=120 prev_state=D ==> next_comm=swapper/1 next_pid=0 next_prio=120
          <idle>-0       [000] d....    22.026714: sched_switch: prev_comm=swapper/0 prev_pid=0 prev_prio=120 prev_state=R ==> next_comm=rcu_sched next_pid=11 next_prio=120
       rcu_sched-11      [000] d....    22.026714: sched_switch: prev_comm=rcu_sched prev_pid=11 prev_prio=120 prev_state=I ==> next_comm=swapper/0 next_pid=0 next_prio=120
          <idle>-0       [000] dNh..    22.026714: sched_wakeup: comm=trace_prog pid=1086 prio=120 target_cpu=000
          <idle>-0       [001] d.s..    22.026714: sched_waking: comm=trace_prog pid=1087 prio=120 target_cpu=001
          <idle>-0       [001] dNs..    22.026714: sched_wakeup: comm=trace_prog pid=1087 prio=120 target_cpu=001
          <idle>-0       [001] d....    22.026714: sched_switch: prev_comm=swapper/1 prev_pid=0 prev_prio=120 prev_state=R ==> next_comm=trace_prog next_pid=1087 next_prio=120
         32procs-1087    [001] d....    22.026714: sched_waking: comm=trace_prog pid=1086 prio=120 target_cpu=000
         32procs-1087    [001] .....    22.026714: sched_process_exec: filename=/root/programs/32procs pid=1087 old_pid=1087
         32procs-1087    [001] .....    22.026714: sched_process_fork: comm=32procs pid=1087 child_comm=32procs child_pid=1088
         32procs-1087    [001] d....    22.026714: sched_wakeup_new: comm=32procs pid=1088 prio=120 target_cpu=002
         32procs-1087    [001] .....    22.026714: sched_process_fork: comm=32procs pid=1087 child_comm=32procs child_pid=1089
         32procs-1087    [001] d....    22.026714: sched_wakeup_new: comm=32procs pid=1089 prio=120 target_cpu=003
          <idle>-0       [002] d....    22.026714: sched_switch: prev_comm=swapper/2 prev_pid=0 prev_prio=120 prev_state=R ==> next_comm=32procs next_pid=1088 next_prio=120
          <idle>-0       [000] dNH..    22.027714: sched_wakeup: comm=rcu_sched pid=11 prio=120 target_cpu=000
          <idle>-0       [000] d....    22.027714: sched_switch: prev_comm=swapper/0 prev_pid=0 prev_prio=120 prev_state=R ==> next_comm=rcu_sched next_pid=11 next_prio=120
       rcu_sched-11      [000] d....    22.027714: sched_switch: prev_comm=rcu_sched prev_pid=11 prev_prio=120 prev_state=I ==> next_comm=trace_prog next_pid=1086 next_prio=120
      trace_prog-1086    [000] .....    22.027714: sched_process_wait: comm=trace_prog pid=0 prio=120
      trace_prog-1086    [000] d....    22.027714: sched_migrate_task: comm=32procs pid=1090 prio=120 orig_cpu=2 dest_cpu=0
      trace_prog-1086    [000] d....    22.027714: sched_migrate_task: comm=32procs pid=1091 prio=120 orig_cpu=2 dest_cpu=0
      trace_prog-1086    [000] d....    22.027714: sched_switch: prev_comm=trace_prog prev_pid=1086 prev_prio=120 prev_state=S ==> next_comm=32procs next_pid=1091 next_prio=120
         32procs-1091    [000] .....    22.027714: sched_process_fork: comm=32procs pid=1091 child_comm=32procs child_pid=1096
         32procs-1091    [000] d....    22.027714: sched_wakeup_new: comm=32procs pid=1096 prio=120 target_cpu=003
         32procs-1091    [000] .....    22.027714: sched_process_fork: comm=32procs pid=1091 child_comm=32procs child_pid=1097
         32procs-1091    [000] d....    22.027714: sched_wakeup_new: comm=32procs pid=1097 prio=120 target_cpu=003
         32procs-1087    [001] d.s..    22.027714: sched_waking: comm=rcu_sched pid=11 prio=120 target_cpu=000
         32procs-1087    [001] d....    22.027714: sched_stat_runtime: comm=32procs pid=1087 runtime=1000000 [ns] vruntime=2959707663 [ns]
         32procs-1087    [001] .....    22.027714: sched_process_fork: comm=32procs pid=1087 child_comm=32procs child_pid=1092
         32procs-1087    [001] d....    22.027714: sched_wakeup_new: comm=32procs pid=1092 prio=120 target_cpu=001
         32procs-1087    [001] .....    22.027714: sched_process_fork: comm=32procs pid=1087 child_comm=32procs child_pid=1095
         32procs-1087    [001] d....    22.027714: sched_wakeup_new: comm=32procs pid=1095 prio=120 target_cpu=001
         32procs-1087    [001] .....    22.027714: sched_process_fork: comm=32procs pid=1087 child_comm=32procs child_pid=1098
         32procs-1087    [001] d....    22.027714: sched_wakeup_new: comm=32procs pid=1098 prio=120 target_cpu=001
         32procs-1088    [002] d....    22.027714: sched_stat_runtime: comm=32procs pid=1088 runtime=1000000 [ns] vruntime=890134863 [ns]
         32procs-1088    [002] .....    22.027714: sched_process_fork: comm=32procs pid=1088 child_comm=32procs child_pid=1090
         32procs-1088    [002] d....    22.027714: sched_wakeup_new: comm=32procs pid=1090 prio=120 target_cpu=002
         32procs-1088    [002] .....    22.027714: sched_process_fork: comm=32procs pid=1088 child_comm=32procs child_pid=1091
         32procs-1088    [002] d....    22.027714: sched_wakeup_new: comm=32procs pid=1091 prio=120 target_cpu=002
         32procs-1088    [002] .....    22.027714: sched_process_fork: comm=32procs pid=1088 child_comm=32procs child_pid=1093
         32procs-1088    [002] d....    22.027714: sched_wakeup_new: comm=32procs pid=1093 prio=120 target_cpu=002
         32procs-1088    [002] .....    22.027714: sched_process_fork: comm=32procs pid=1088 child_comm=32procs child_pid=1094
         32procs-1088    [002] d....    22.027714: sched_wakeup_new: comm=32procs pid=1094 prio=120 target_cpu=002
         32procs-1091    [000] d.h..    22.028714: sched_stat_runtime: comm=32procs pid=1091 runtime=999696 [ns] vruntime=5620455952 [ns]
         32procs-1087    [001] d.h..    22.028714: sched_stat_runtime: comm=32procs pid=1087 runtime=999696 [ns] vruntime=2960707359 [ns]
         32procs-1088    [002] d.h..    22.028714: sched_stat_runtime: comm=32procs pid=1088 runtime=999696 [ns] vruntime=891134559 [ns]
          <idle>-0       [003] d....    22.028714: sched_switch: prev_comm=swapper/3 prev_pid=0 prev_prio=120 prev_state=R ==> next_comm=32procs next_pid=1096 next_prio=120
         32procs-1096    [003] .....    22.028714: sched_process_fork: comm=32procs pid=1096 child_comm=32procs child_pid=1099
         32procs-1096    [003] d....    22.028714: sched_wakeup_new: comm=32procs pid=1099 prio=120 target_cpu=003
         32procs-1091    [000] d.h..    22.029714: sched_stat_runtime: comm=32procs pid=1091 runtime=999848 [ns] vruntime=5621455800 [ns]
         32procs-1091    [000] dNh..    22.029714: sched_wakeup: comm=rcu_sched pid=11 prio=120 target_cpu=000
         32procs-1091    [000] d....    22.029714: sched_switch: prev_comm=32procs prev_pid=1091 prev_prio=120 prev_state=R ==> next_comm=rcu_sched next_pid=11 next_prio=120
       rcu_sched-11      [000] d....    22.029714: sched_switch: prev_comm=rcu_sched prev_pid=11 prev_prio=120 prev_state=I ==> next_comm=32procs next_pid=1091 next_prio=120
         32procs-1087    [001] d.h..    22.029714: sched_stat_runtime: comm=32procs pid=1087 runtime=999848 [ns] vruntime=2961707207 [ns]
         32procs-1088    [002] d.s..    22.029714: sched_waking: comm=kcompactd0 pid=35 prio=120 target_cpu=002
         32procs-1088    [002] d.s..    22.029714: sched_stat_runtime: comm=32procs pid=1088 runtime=1000000 [ns] vruntime=892134559 [ns]
         32procs-1088    [002] dNs..    22.029714: sched_wakeup: comm=kcompactd0 pid=35 prio=120 target_cpu=002
         32procs-1088    [002] d....    22.029714: sched_switch: prev_comm=32procs prev_pid=1088 prev_prio=120 prev_state=R ==> next_comm=kcompactd0 next_pid=35 next_prio=120
      kcompactd0-35      [002] d....    22.029714: sched_switch: prev_comm=kcompactd0 prev_pid=35 prev_prio=120 prev_state=S ==> next_comm=32procs next_pid=1088 next_prio=120
         32procs-1096    [003] d.h..    22.029714: sched_stat_runtime: comm=32procs pid=1096 runtime=999848 [ns] vruntime=1690297941 [ns]
         32procs-1096    [003] d.s..    22.029714: sched_waking: comm=rcu_sched pid=11 prio=120 target_cpu=000
         32procs-1091    [000] d.h..    22.030714: sched_stat_runtime: comm=32procs pid=1091 runtime=999848 [ns] vruntime=5622455648 [ns]
         32procs-1087    [001] d.h..    22.030714: sched_stat_runtime: comm=32procs pid=1087 runtime=999848 [ns] vruntime=2962707055 [ns]
         32procs-1088    [002] d.h..    22.030714: sched_stat_runtime: comm=32procs pid=1088 runtime=999696 [ns] vruntime=893134255 [ns]
         32procs-1096    [003] d.h..    22.030714: sched_stat_runtime: comm=32procs pid=1096 runtime=999848 [ns] vruntime=1691297789 [ns]
         32procs-1091    [000] d.h..    22.031713: sched_stat_runtime: comm=32procs pid=1091 runtime=999848 [ns] vruntime=5623455496 [ns]
         32procs-1087    [001] d.h..    22.031713: sched_stat_runtime: comm=32procs pid=1087 runtime=999848 [ns] vruntime=2963706903 [ns]
         32procs-1088    [002] d.h..    22.031713: sched_stat_runtime: comm=32procs pid=1088 runtime=999848 [ns] vruntime=894134103 [ns]
         32procs-1096    [003] d.h..    22.031713: sched_stat_runtime: comm=32procs pid=1096 runtime=999848 [ns] vruntime=1692297637 [ns]
         32procs-1091    [000] d.h..    22.032713: sched_stat_runtime: comm=32procs pid=1091 runtime=999848 [ns] vruntime=5624455344 [ns]
         32procs-1087    [001] d.h..    22.032713: sched_stat_runtime: comm=32procs pid=1087 runtime=999848 [ns] vruntime=2964706751 [ns]
         32procs-1091    [000] d.h..    22.033713: sched_stat_runtime: comm=32procs pid=1091 runtime=999848 [ns] vruntime=5625455192 [ns]
         32procs-1087    [001] d.h..    22.033713: sched_stat_runtime: comm=32procs pid=1087 runtime=999848 [ns] vruntime=2965706599 [ns]
         32procs-1088    [002] d.h..    22.033713: sched_stat_runtime: comm=32procs pid=1088 runtime=1999696 [ns] vruntime=896133799 [ns]
         32procs-1096    [003] d.h..    22.033713: sched_stat_runtime: comm=32procs pid=1096 runtime=1999696 [ns] vruntime=1694297333 [ns]
         32procs-1096    [003] d....    22.033713: sched_switch: prev_comm=32procs prev_pid=1096 prev_prio=120 prev_state=R ==> next_comm=32procs next_pid=1097 next_prio=120
         32procs-1091    [000] d.h..    22.034713: sched_stat_runtime: comm=32procs pid=1091 runtime=999848 [ns] vruntime=5626455040 [ns]
         32procs-1087    [001] d.h..    22.034713: sched_stat_runtime: comm=32procs pid=1087 runtime=999848 [ns] vruntime=2966706447 [ns]
         32procs-1088    [002] d.h..    22.034713: sched_stat_runtime: comm=32procs pid=1088 runtime=999848 [ns] vruntime=897133647 [ns]
         32procs-1097    [003] d.h..    22.034713: sched_stat_runtime: comm=32procs pid=1097 runtime=999848 [ns] vruntime=1690297941 [ns]
         32procs-1091    [000] d.h..    22.035713: sched_stat_runtime: comm=32procs pid=1091 runtime=999848 [ns] vruntime=5627454888 [ns]
         32procs-1087    [001] d.h..    22.035713: sched_stat_runtime: comm=32procs pid=1087 runtime=999848 [ns] vruntime=2967706295 [ns]
         32procs-1097    [003] d.h..    22.035713: sched_stat_runtime: comm=32procs pid=1097 runtime=999848 [ns] vruntime=1691297789 [ns]
         32procs-1091    [000] d.h..    22.036713: sched_stat_runtime: comm=32procs pid=1091 runtime=999848 [ns] vruntime=5628454736 [ns]
         32procs-1087    [001] d.h..    22.036713: sched_stat_runtime: comm=32procs pid=1087 runtime=999848 [ns] vruntime=2968706143 [ns]
         32procs-1087    [001] d....    22.036713: sched_switch: prev_comm=32procs prev_pid=1087 prev_prio=120 prev_state=R ==> next_comm=32procs next_pid=1098 next_prio=120
         32procs-1088    [002] d.h..    22.036713: sched_stat_runtime: comm=32procs pid=1088 runtime=1999696 [ns] vruntime=899133343 [ns]
         32procs-1088    [002] d....    22.036713: sched_switch: prev_comm=32procs prev_pid=1088 prev_prio=120 prev_state=R ==> next_comm=32procs next_pid=1094 next_prio=120
         32procs-1097    [003] d.h..    22.036713: sched_stat_runtime: comm=32procs pid=1097 runtime=999848 [ns] vruntime=1692297637 [ns]
         32procs-1091    [000] d.h..    22.037713: sched_stat_runtime: comm=32procs pid=1091 runtime=999848 [ns] vruntime=5629454584 [ns]
         32procs-1098    [001] d.h..    22.037713: sched_stat_runtime: comm=32procs pid=1098 runtime=999848 [ns] vruntime=2965207506 [ns]
         32procs-1091    [000] d.h..    22.038712: sched_stat_runtime: comm=32procs pid=1091 runtime=999848 [ns] vruntime=5630454432 [ns]
         32procs-1098    [001] d.h..    22.038712: sched_stat_runtime: comm=32procs pid=1098 runtime=999848 [ns] vruntime=2966207354 [ns]
         32procs-1094    [002] d.h..    22.038712: sched_stat_runtime: comm=32procs pid=1094 runtime=1999696 [ns] vruntime=898134557 [ns]
         32procs-1097    [003] d.h..    22.038712: sched_stat_runtime: comm=32procs pid=1097 runtime=1999696 [ns] vruntime=1694297333 [ns]
         32procs-1097    [003] d....    22.038712: sched_switch: prev_comm=32procs prev_pid=1097 prev_prio=120 prev_state=R ==> next_comm=32procs next_pid=1099 next_prio=120
         32procs-1091    [000] d.h..    22.039712: sched_stat_runtime: comm=32procs pid=1091 runtime=999848 [ns] vruntime=5631454280 [ns]
         32procs-1091    [000] d....    22.039712: sched_switch: prev_comm=32procs prev_pid=1091 prev_prio=120 prev_state=R ==> next_comm=32procs next_pid=1090 next_prio=120
         32procs-1090    [000] .....    22.039712: sched_process_fork: comm=32procs pid=1090 child_comm=32procs child_pid=1100
         32procs-1090    [000] d....    22.039712: sched_wakeup_new: comm=32procs pid=1100 prio=120 target_cpu=000
         32procs-1090    [000] .....    22.039712: sched_process_fork: comm=32procs pid=1090 child_comm=32procs child_pid=1101
         32procs-1090    [000] d....    22.039712: sched_wakeup_new: comm=32procs pid=1101 prio=120 target_cpu=000
         32procs-1090    [000] .....    22.039712: sched_process_fork: comm=32procs pid=1090 child_comm=32procs child_pid=1102
         32procs-1090    [000] d....    22.039712: sched_stat_runtime: comm=32procs pid=1098 runtime=999848 [ns] vruntime=2967207202 [ns]
         32procs-1090    [000] d....    22.039712: sched_wakeup_new: comm=32procs pid=1102 prio=120 target_cpu=001
         32procs-1094    [002] d.h..    22.039712: sched_stat_runtime: comm=32procs pid=1094 runtime=999848 [ns] vruntime=899134405 [ns]
         32procs-1099    [003] d.h..    22.039712: sched_stat_runtime: comm=32procs pid=1099 runtime=999848 [ns] vruntime=1690297941 [ns]
         32procs-1090    [000] d.h..    22.040712: sched_stat_runtime: comm=32procs pid=1090 runtime=999848 [ns] vruntime=5623456101 [ns]
         32procs-1098    [001] d.h..    22.040712: sched_stat_runtime: comm=32procs pid=1098 runtime=999848 [ns] vruntime=2968207050 [ns]
         32procs-1098    [001] d....    22.040712: sched_switch: prev_comm=32procs prev_pid=1098 prev_prio=120 prev_state=R ==> next_comm=32procs next_pid=1095 next_prio=120
         32procs-1094    [002] d.h..    22.040712: sched_stat_runtime: comm=32procs pid=1094 runtime=999848 [ns] vruntime=900134253 [ns]
         32procs-1099    [003] d.h..    22.040712: sched_stat_runtime: comm=32procs pid=1099 runtime=999848 [ns] vruntime=1691297789 [ns]
         32procs-1090    [000] d.h..    22.041712: sched_stat_runtime: comm=32procs pid=1090 runtime=999848 [ns] vruntime=5624455949 [ns]
         32procs-1095    [001] d....    22.041712: sched_stat_runtime: comm=32procs pid=1095 runtime=1000000 [ns] vruntime=2966707661 [ns]
         32procs-1095    [001] .....    22.041712: sched_process_fork: comm=32procs pid=1095 child_comm=32procs child_pid=1103
         32procs-1095    [001] d....    22.041712: sched_wakeup_new: comm=32procs pid=1103 prio=120 target_cpu=001
         32procs-1094    [002] d.h..    22.041712: sched_stat_runtime: comm=32procs pid=1094 runtime=999848 [ns] vruntime=901134101 [ns]
         32procs-1099    [003] d.h..    22.041712: sched_stat_runtime: comm=32procs pid=1099 runtime=999848 [ns] vruntime=1692297637 [ns]
         32procs-1090    [000] d.h..    22.042712: sched_stat_runtime: comm=32procs pid=1090 runtime=999848 [ns] vruntime=5625455797 [ns]
         32procs-1095    [001] d.h..    22.042712: sched_stat_runtime: comm=32procs pid=1095 runtime=999696 [ns] vruntime=2967707357 [ns]
         32procs-1094    [002] d.h..    22.042712: sched_stat_runtime: comm=32procs pid=1094 runtime=999848 [ns] vruntime=902133949 [ns]
         32procs-1099    [003] d.h..    22.042712: sched_stat_runtime: comm=32procs pid=1099 runtime=999848 [ns] vruntime=1693297485 [ns]
         32procs-1090    [000] d.h..    22.043712: sched_stat_runtime: comm=32procs pid=1090 runtime=999848 [ns] vruntime=5626455645 [ns]
         32procs-1095    [001] d.h..    22.043712: sched_stat_runtime: comm=32procs pid=1095 runtime=999848 [ns] vruntime=2968707205 [ns]
         32procs-1090    [000] d.h..    22.044711: sched_stat_runtime: comm=32procs pid=1090 runtime=999848 [ns] vruntime=5627455493 [ns]
         32procs-1090    [000] d....    22.044711: sched_switch: prev_comm=32procs prev_pid=1090 prev_prio=120 prev_state=R ==> next_comm=32procs next_pid=1101 next_prio=120
         32procs-1101    [000] .....    22.044711: sched_process_fork: comm=32procs pid=1101 child_comm=32procs child_pid=1106
         32procs-1101    [000] d....    22.044711: sched_wakeup_new: comm=32procs pid=1106 prio=120 target_cpu=000
         32procs-1095    [001] d....    22.044711: sched_switch: prev_comm=32procs prev_pid=1095 prev_prio=120 prev_state=R ==> next_comm=32procs next_pid=1098 next_prio=120
         32procs-1094    [002] d.h..    22.044711: sched_stat_runtime: comm=32procs pid=1094 runtime=1999696 [ns] vruntime=904133645 [ns]
         32procs-1094    [002] d....    22.044711: sched_switch: prev_comm=32procs prev_pid=1094 prev_prio=120 prev_state=R ==> next_comm=32procs next_pid=1088 next_prio=120
         32procs-1099    [003] d.h..    22.044711: sched_stat_runtime: comm=32procs pid=1099 runtime=1999696 [ns] vruntime=1695297181 [ns]
         32procs-1099    [003] d....    22.044711: sched_switch: prev_comm=32procs prev_pid=1099 prev_prio=120 prev_state=R ==> next_comm=32procs next_pid=1089 next_prio=120
         32procs-1089    [003] .....    22.044711: sched_process_fork: comm=32procs pid=1089 child_comm=32procs child_pid=1104
         32procs-1089    [003] d....    22.044711: sched_wakeup_new: comm=32procs pid=1104 prio=120 target_cpu=000
         32procs-1089    [003] .....    22.044711: sched_process_fork: comm=32procs pid=1089 child_comm=32procs child_pid=1105
         32procs-1089    [003] d....    22.044711: sched_wakeup_new: comm=32procs pid=1105 prio=120 target_cpu=000
         32procs-1089    [003] .....    22.044711: sched_process_fork: comm=32procs pid=1089 child_comm=32procs child_pid=1107
         32procs-1089    [003] d....    22.044711: sched_stat_runtime: comm=32procs pid=1095 runtime=999848 [ns] vruntime=2969707053 [ns]
         32procs-1089    [003] d....    22.044711: sched_wakeup_new: comm=32procs pid=1107 prio=120 target_cpu=001
         32procs-1101    [000] d.h..    22.045711: sched_stat_runtime: comm=32procs pid=1101 runtime=999848 [ns] vruntime=5627956096 [ns]
         32procs-1098    [001] d.h..    22.045711: sched_stat_runtime: comm=32procs pid=1098 runtime=999848 [ns] vruntime=2969206898 [ns]
         32procs-1088    [002] d.h..    22.045711: sched_stat_runtime: comm=32procs pid=1088 runtime=999848 [ns] vruntime=900133191 [ns]
         32procs-1089    [003] d.h..    22.045711: sched_stat_runtime: comm=32procs pid=1089 runtime=999848 [ns] vruntime=1693297938 [ns]
         32procs-1101    [000] d.h..    22.046711: sched_stat_runtime: comm=32procs pid=1101 runtime=999848 [ns] vruntime=5628955944 [ns]
         32procs-1098    [001] d.h..    22.046711: sched_stat_runtime: comm=32procs pid=1098 runtime=999848 [ns] vruntime=2970206746 [ns]
         32procs-1088    [002] d.h..    22.046711: sched_stat_runtime: comm=32procs pid=1088 runtime=999848 [ns] vruntime=901133039 [ns]
         32procs-1101    [000] d.h..    22.047711: sched_stat_runtime: comm=32procs pid=1101 runtime=999848 [ns] vruntime=5629955792 [ns]
         32procs-1101    [000] d....    22.047711: sched_switch: prev_comm=32procs prev_pid=1101 prev_prio=120 prev_state=R ==> next_comm=32procs next_pid=1090 next_prio=120
         32procs-1098    [001] d.h..    22.047711: sched_stat_runtime: comm=32procs pid=1098 runtime=999848 [ns] vruntime=2971206594 [ns]
         32procs-1098    [001] d....    22.047711: sched_switch: prev_comm=32procs prev_pid=1098 prev_prio=120 prev_state=R ==> next_comm=32procs next_pid=1087 next_prio=120
         32procs-1088    [002] d.h..    22.047711: sched_stat_runtime: comm=32procs pid=1088 runtime=999848 [ns] vruntime=902132887 [ns]
         32procs-1089    [003] d.h..    22.047711: sched_stat_runtime: comm=32procs pid=1089 runtime=1999696 [ns] vruntime=1695297634 [ns]
         32procs-1090    [000] d.h..    22.048711: sched_stat_runtime: comm=32procs pid=1090 runtime=999848 [ns] vruntime=5628455341 [ns]
         32procs-1089    [003] d.h..    22.048711: sched_stat_runtime: comm=32procs pid=1089 runtime=999848 [ns] vruntime=1696297482 [ns]
         32procs-1090    [000] d.h..    22.049711: sched_stat_runtime: comm=32procs pid=1090 runtime=999848 [ns] vruntime=5629455189 [ns]
         32procs-1087    [001] d.h..    22.049711: sched_stat_runtime: comm=32procs pid=1087 runtime=1999696 [ns] vruntime=2970705839 [ns]
         32procs-1088    [002] d.h..    22.049711: sched_stat_runtime: comm=32procs pid=1088 runtime=1999696 [ns] vruntime=904132583 [ns]
         32procs-1089    [003] d.h..    22.049711: sched_stat_runtime: comm=32procs pid=1089 runtime=999848 [ns] vruntime=1697297330 [ns]
         32procs-1089    [003] d....    22.049711: sched_switch: prev_comm=32procs prev_pid=1089 prev_prio=120 prev_state=R ==> next_comm=32procs next_pid=1096 next_prio=120
         32procs-1090    [000] d.h..    22.050711: sched_stat_runtime: comm=32procs pid=1090 runtime=999848 [ns] vruntime=5630455037 [ns]
         32procs-1090    [000] d....    22.050711: sched_switch: prev_comm=32procs prev_pid=1090 prev_prio=120 prev_state=R ==> next_comm=32procs next_pid=1100 next_prio=120
         32procs-1100    [000] .....    22.050711: sched_process_fork: comm=32procs pid=1100 child_comm=32procs child_pid=1109
         32procs-1100    [000] d....    22.050711: sched_stat_runtime: comm=32procs pid=1088 runtime=999848 [ns] vruntime=905132431 [ns]
         32procs-1100    [000] d....    22.050711: sched_wakeup_new: comm=32procs pid=1109 prio=120 target_cpu=002
         32procs-1087    [001] d.h..    22.050711: sched_stat_runtime: comm=32procs pid=1087 runtime=999848 [ns] vruntime=2971705687 [ns]
         32procs-1087    [001] d....    22.050711: sched_switch: prev_comm=32procs prev_pid=1087 prev_prio=120 prev_state=R ==> next_comm=32procs next_pid=1092 next_prio=120
         32procs-1092    [001] .....    22.050711: sched_process_fork: comm=32procs pid=1092 child_comm=32procs child_pid=1108
         32procs-1092    [001] d....    22.050711: sched_wakeup_new: comm=32procs pid=1108 prio=120 target_cpu=001
         32procs-1092    [001] .....    22.050711: sched_process_fork: comm=32procs pid=1092 child_comm=32procs child_pid=1110
         32procs-1092    [001] d....    22.050711: sched_wakeup_new: comm=32procs pid=1110 prio=120 target_cpu=001
         32procs-1096    [003] d.h..    22.050711: sched_stat_runtime: comm=32procs pid=1096 runtime=999848 [ns] vruntime=1695297181 [ns]
         32procs-1100    [000] .....    22.050711: sched_process_fork: comm=32procs pid=1100 child_comm=32procs child_pid=1111
         32procs-1100    [000] d....    22.050711: sched_wakeup_new: comm=32procs pid=1111 prio=120 target_cpu=000
         32procs-1088    [002] d....    22.050711: sched_switch: prev_comm=32procs prev_pid=1088 prev_prio=120 prev_state=R ==> next_comm=32procs next_pid=1109 next_prio=120
         32procs-1109    [002] d....    22.050711: sched_stat_runtime: comm=32procs pid=1109 runtime=152 [ns] vruntime=901385010 [ns]
         32procs-1109    [002] .....    22.050711: sched_process_fork: comm=32procs pid=1109 child_comm=32procs child_pid=1112
         32procs-1109    [002] d....    22.050711: sched_wakeup_new: comm=32procs pid=1112 prio=120 target_cpu=002
         32procs-1100    [000] d.h..    22.051710: sched_stat_runtime: comm=32procs pid=1100 runtime=999848 [ns] vruntime=5629456099 [ns]
         32procs-1092    [001] d.h..    22.051710: sched_stat_runtime: comm=32procs pid=1092 runtime=999848 [ns] vruntime=2969707506 [ns]
         32procs-1109    [002] d.h..    22.051710: sched_stat_runtime: comm=32procs pid=1109 runtime=999696 [ns] vruntime=902384706 [ns]
         32procs-1096    [003] d.h..    22.051710: sched_stat_runtime: comm=32procs pid=1096 runtime=999848 [ns] vruntime=1696297029 [ns]
         32procs-1100    [000] d.h..    22.052710: sched_stat_runtime: comm=32procs pid=1100 runtime=999848 [ns] vruntime=5630455947 [ns]
         32procs-1092    [001] d.h..    22.052710: sched_stat_runtime: comm=32procs pid=1092 runtime=999848 [ns] vruntime=2970707354 [ns]
         32procs-1109    [002] d.h..    22.052710: sched_stat_runtime: comm=32procs pid=1109 runtime=999848 [ns] vruntime=903384554 [ns]
         32procs-1096    [003] d.h..    22.052710: sched_stat_runtime: comm=32procs pid=1096 runtime=999848 [ns] vruntime=1697296877 [ns]
         32procs-1100    [000] d.h..    22.053710: sched_stat_runtime: comm=32procs pid=1100 runtime=999848 [ns] vruntime=5631455795 [ns]
         32procs-1100    [000] d....    22.053710: sched_switch: prev_comm=32procs prev_pid=1100 prev_prio=120 prev_state=R ==> next_comm=32procs next_pid=1106 next_prio=120
         32procs-1106    [000] d.h..    22.054710: sched_stat_runtime: comm=32procs pid=1106 runtime=999848 [ns] vruntime=5630527523 [ns]
         32procs-1092    [001] d.h..    22.054710: sched_stat_runtime: comm=32procs pid=1092 runtime=1999696 [ns] vruntime=2972707050 [ns]
         32procs-1092    [001] d....    22.054710: sched_switch: prev_comm=32procs prev_pid=1092 prev_prio=120 prev_state=R ==> next_comm=32procs next_pid=1102 next_prio=120
         32procs-1109    [002] d.h..    22.054710: sched_stat_runtime: comm=32procs pid=1109 runtime=1999696 [ns] vruntime=905384250 [ns]
         32procs-1109    [002] d....    22.054710: sched_switch: prev_comm=32procs prev_pid=1109 prev_prio=120 prev_state=R ==> next_comm=32procs next_pid=1093 next_prio=120
         32procs-1093    [002] .....    22.054710: sched_process_fork: comm=32procs pid=1093 child_comm=32procs child_pid=1113
         32procs-1093    [002] d....    22.054710: sched_wakeup_new: comm=32procs pid=1113 prio=120 target_cpu=003
         32procs-1096    [003] d.h..    22.054710: sched_stat_runtime: comm=32procs pid=1096 runtime=1999696 [ns] vruntime=1699296573 [ns]
         32procs-1096    [003] d....    22.054710: sched_switch: prev_comm=32procs prev_pid=1096 prev_prio=120 prev_state=R ==> next_comm=32procs next_pid=1097 next_prio=120
         32procs-1106    [000] d.h..    22.055710: sched_stat_runtime: comm=32procs pid=1106 runtime=999848 [ns] vruntime=5631527371 [ns]
         32procs-1102    [001] d.h..    22.055710: sched_stat_runtime: comm=32procs pid=1102 runtime=999848 [ns] vruntime=2970307505 [ns]
         32procs-1093    [002] d.h..    22.055710: sched_stat_runtime: comm=32procs pid=1093 runtime=999848 [ns] vruntime=900134706 [ns]
         32procs-1097    [003] d.h..    22.055710: sched_stat_runtime: comm=32procs pid=1097 runtime=999848 [ns] vruntime=1695297181 [ns]
         32procs-1106    [000] d.h..    22.056710: sched_stat_runtime: comm=32procs pid=1106 runtime=999848 [ns] vruntime=5632527219 [ns]
         32procs-1106    [000] d....    22.056710: sched_switch: prev_comm=32procs prev_pid=1106 prev_prio=120 prev_state=R ==> next_comm=32procs next_pid=1101 next_prio=120
         32procs-1102    [001] d.h..    22.056710: sched_stat_runtime: comm=32procs pid=1102 runtime=999848 [ns] vruntime=2971307353 [ns]
         32procs-1093    [002] d.h..    22.056710: sched_stat_runtime: comm=32procs pid=1093 runtime=999848 [ns] vruntime=901134554 [ns]
         32procs-1097    [003] d.h..    22.056710: sched_stat_runtime: comm=32procs pid=1097 runtime=999848 [ns] vruntime=1696297029 [ns]
         32procs-1101    [000] d.h..    22.057710: sched_stat_runtime: comm=32procs pid=1101 runtime=999848 [ns] vruntime=5630955640 [ns]
         32procs-1102    [001] d.h..    22.057710: sched_stat_runtime: comm=32procs pid=1102 runtime=999848 [ns] vruntime=2972307201 [ns]
         32procs-1102    [001] d....    22.057710: sched_switch: prev_comm=32procs prev_pid=1102 prev_prio=120 prev_state=R ==> next_comm=32procs next_pid=1095 next_prio=120
         32procs-1093    [002] d.h..    22.057710: sched_stat_runtime: comm=32procs pid=1093 runtime=999848 [ns] vruntime=902134402 [ns]
         32procs-1097    [003] d.h..    22.057710: sched_stat_runtime: comm=32procs pid=1097 runtime=999848 [ns] vruntime=1697296877 [ns]
         32procs-1101    [000] d.h..    22.058709: sched_stat_runtime: comm=32procs pid=1101 runtime=999848 [ns] vruntime=5631955488 [ns]
         32procs-1095    [001] d.h..    22.058709: sched_stat_runtime: comm=32procs pid=1095 runtime=999848 [ns] vruntime=2970706901 [ns]
         32procs-1093    [002] d.h..    22.058709: sched_stat_runtime: comm=32procs pid=1093 runtime=999848 [ns] vruntime=903134250 [ns]
         32procs-1093    [002] d....    22.058709: sched_switch: prev_comm=32procs prev_pid=1093 prev_prio=120 prev_state=R ==> next_comm=32procs next_pid=1112 next_prio=120
         32procs-1097    [003] d.h..    22.058709: sched_stat_runtime: comm=32procs pid=1097 runtime=999848 [ns] vruntime=1698296725 [ns]
         32procs-1097    [003] d....    22.058709: sched_switch: prev_comm=32procs prev_pid=1097 prev_prio=120 prev_state=R ==> next_comm=32procs next_pid=1099 next_prio=120
         32procs-1101    [000] d.h..    22.059709: sched_stat_runtime: comm=32procs pid=1101 runtime=999848 [ns] vruntime=5632955336 [ns]
         32procs-1101    [000] d....    22.059709: sched_switch: prev_comm=32procs prev_pid=1101 prev_prio=120 prev_state=R ==> next_comm=32procs next_pid=1090 next_prio=120
         32procs-1095    [001] d.h..    22.059709: sched_stat_runtime: comm=32procs pid=1095 runtime=999848 [ns] vruntime=2971706749 [ns]
         32procs-1112    [002] d.h..    22.059709: sched_stat_runtime: comm=32procs pid=1112 runtime=999848 [ns] vruntime=903734702 [ns]
         32procs-1099    [003] d.h..    22.059709: sched_stat_runtime: comm=32procs pid=1099 runtime=999848 [ns] vruntime=1696297029 [ns]
         32procs-1090    [000] d.h..    22.060709: sched_stat_runtime: comm=32procs pid=1090 runtime=999848 [ns] vruntime=5631454885 [ns]
         32procs-1095    [001] d.h..    22.060709: sched_stat_runtime: comm=32procs pid=1095 runtime=999848 [ns] vruntime=2972706597 [ns]
         32procs-1112    [002] d.h..    22.060709: sched_stat_runtime: comm=32procs pid=1112 runtime=999848 [ns] vruntime=904734550 [ns]
         32procs-1099    [003] d.h..    22.060709: sched_stat_runtime: comm=32procs pid=1099 runtime=999848 [ns] vruntime=1697296877 [ns]
         32procs-1090    [000] d.h..    22.061709: sched_stat_runtime: comm=32procs pid=1090 runtime=999848 [ns] vruntime=5632454733 [ns]
         32procs-1095    [001] dN...    22.061709: sched_stat_runtime: comm=32procs pid=1095 runtime=1000000 [ns] vruntime=2973706597 [ns]
         32procs-1095    [001] d....    22.061709: sched_switch: prev_comm=32procs prev_pid=1095 prev_prio=120 prev_state=R ==> next_comm=32procs next_pid=1103 next_prio=120
         32procs-1112    [002] d.h..    22.061709: sched_stat_runtime: comm=32procs pid=1112 runtime=999848 [ns] vruntime=905734398 [ns]
         32procs-1099    [003] d.h..    22.061709: sched_stat_runtime: comm=32procs pid=1099 runtime=999848 [ns] vruntime=1698296725 [ns]
         32procs-1090    [000] d.h..    22.062709: sched_stat_runtime: comm=32procs pid=1090 runtime=999848 [ns] vruntime=5633454581 [ns]
         32procs-1090    [000] d....    22.062709: sched_switch: prev_comm=32procs prev_pid=1090 prev_prio=120 prev_state=R ==> next_comm=32procs next_pid=1104 next_prio=120
         32procs-1104    [000] .....    22.062709: sched_process_fork: comm=32procs pid=1104 child_comm=32procs child_pid=1114
         32procs-1104    [000] d....    22.062709: sched_wakeup_new: comm=32procs pid=1114 prio=120 target_cpu=000
         32procs-1104    [000] .....    22.062709: sched_process_fork: comm=32procs pid=1104 child_comm=32procs child_pid=1115
         32procs-1104    [000] d....    22.062709: sched_wakeup_new: comm=32procs pid=1115 prio=120 target_cpu=000
         32procs-1103    [001] d.h..    22.062709: sched_stat_runtime: comm=32procs pid=1103 runtime=999696 [ns] vruntime=2970707354 [ns]
         32procs-1112    [002] d.h..    22.062709: sched_stat_runtime: comm=32procs pid=1112 runtime=999848 [ns] vruntime=906734246 [ns]
         32procs-1112    [002] d....    22.062709: sched_switch: prev_comm=32procs prev_pid=1112 prev_prio=120 prev_state=R ==> next_comm=32procs next_pid=1093 next_prio=120
         32procs-1099    [003] d.h..    22.062709: sched_stat_runtime: comm=32procs pid=1099 runtime=999848 [ns] vruntime=1699296573 [ns]
         32procs-1099    [003] d....    22.062709: sched_switch: prev_comm=32procs prev_pid=1099 prev_prio=120 prev_state=R ==> next_comm=32procs next_pid=1089 next_prio=120
         32procs-1104    [000] d.h..    22.063709: sched_stat_runtime: comm=32procs pid=1104 runtime=999848 [ns] vruntime=5631556092 [ns]
         32procs-1104    [000] d.h..    22.064708: sched_stat_runtime: comm=32procs pid=1104 runtime=999848 [ns] vruntime=5632555940 [ns]
         32procs-1103    [001] d.h..    22.064708: sched_stat_runtime: comm=32procs pid=1103 runtime=1999696 [ns] vruntime=2972707050 [ns]
         32procs-1103    [001] d....    22.064708: sched_switch: prev_comm=32procs prev_pid=1103 prev_prio=120 prev_state=R ==> next_comm=32procs next_pid=1108 next_prio=120
         32procs-1108    [001] .....    22.064708: sched_process_fork: comm=32procs pid=1108 child_comm=32procs child_pid=1116
         32procs-1108    [001] d....    22.064708: sched_wakeup_new: comm=32procs pid=1116 prio=120 target_cpu=001
         32procs-1093    [002] d.h..    22.064708: sched_stat_runtime: comm=32procs pid=1093 runtime=1999696 [ns] vruntime=905133946 [ns]
         32procs-1089    [003] d.h..    22.064708: sched_stat_runtime: comm=32procs pid=1089 runtime=1999696 [ns] vruntime=1699297026 [ns]
         32procs-1104    [000] d.h..    22.065708: sched_stat_runtime: comm=32procs pid=1104 runtime=999848 [ns] vruntime=5633555788 [ns]
         32procs-1104    [000] d....    22.065708: sched_switch: prev_comm=32procs prev_pid=1104 prev_prio=120 prev_state=R ==> next_comm=32procs next_pid=1105 next_prio=120
         32procs-1105    [000] .....    22.065708: sched_process_fork: comm=32procs pid=1105 child_comm=32procs child_pid=1117
         32procs-1105    [000] d....    22.065708: sched_wakeup_new: comm=32procs pid=1117 prio=120 target_cpu=000
         32procs-1108    [001] d.h..    22.065708: sched_stat_runtime: comm=32procs pid=1108 runtime=999848 [ns] vruntime=2971957506 [ns]
         32procs-1093    [002] d.h..    22.065708: sched_stat_runtime: comm=32procs pid=1093 runtime=999848 [ns] vruntime=906133794 [ns]
         32procs-1089    [003] d.h..    22.065708: sched_stat_runtime: comm=32procs pid=1089 runtime=999848 [ns] vruntime=1700296874 [ns]
         32procs-1105    [000] d.h..    22.066708: sched_stat_runtime: comm=32procs pid=1105 runtime=999848 [ns] vruntime=5631556092 [ns]
         32procs-1108    [001] d.h..    22.066708: sched_stat_runtime: comm=32procs pid=1108 runtime=999848 [ns] vruntime=2972957354 [ns]
         32procs-1093    [002] d.h..    22.066708: sched_stat_runtime: comm=32procs pid=1093 runtime=999848 [ns] vruntime=907133642 [ns]
         32procs-1093    [002] d....    22.066708: sched_switch: prev_comm=32procs prev_pid=1093 prev_prio=120 prev_state=R ==> next_comm=32procs next_pid=1094 next_prio=120
         32procs-1089    [003] d.h..    22.066708: sched_stat_runtime: comm=32procs pid=1089 runtime=999848 [ns] vruntime=1701296722 [ns]
         32procs-1089    [003] d....    22.066708: sched_switch: prev_comm=32procs prev_pid=1089 prev_prio=120 prev_state=R ==> next_comm=32procs next_pid=1113 next_prio=120
         32procs-1105    [000] d.h..    22.067708: sched_stat_runtime: comm=32procs pid=1105 runtime=999848 [ns] vruntime=5632555940 [ns]
         32procs-1105    [000] d.h..    22.068708: sched_stat_runtime: comm=32procs pid=1105 runtime=999848 [ns] vruntime=5633555788 [ns]
         32procs-1105    [000] d....    22.068708: sched_switch: prev_comm=32procs prev_pid=1105 prev_prio=120 prev_state=R ==> next_comm=32procs next_pid=1111 next_prio=120
         32procs-1108    [001] d.h..    22.068708: sched_stat_runtime: comm=32procs pid=1108 runtime=1999696 [ns] vruntime=2974957050 [ns]
         32procs-1108    [001] d....    22.068708: sched_switch: prev_comm=32procs prev_pid=1108 prev_prio=120 prev_state=R ==> next_comm=32procs next_pid=1110 next_prio=120
         32procs-1094    [002] d.h..    22.068708: sched_stat_runtime: comm=32procs pid=1094 runtime=1999696 [ns] vruntime=906133341 [ns]
         32procs-1113    [003] d.h..    22.068708: sched_stat_runtime: comm=32procs pid=1113 runtime=1999696 [ns] vruntime=1699297026 [ns]
         32procs-1111    [000] d.h..    22.069708: sched_stat_runtime: comm=32procs pid=1111 runtime=999848 [ns] vruntime=5631706099 [ns]
         32procs-1110    [001] d.h..    22.069708: sched_stat_runtime: comm=32procs pid=1110 runtime=999848 [ns] vruntime=2971957506 [ns]
         32procs-1094    [002] d.h..    22.069708: sched_stat_runtime: comm=32procs pid=1094 runtime=999848 [ns] vruntime=907133189 [ns]
         32procs-1113    [003] d.h..    22.069708: sched_stat_runtime: comm=32procs pid=1113 runtime=999848 [ns] vruntime=1700296874 [ns]
         32procs-1111    [000] d.h..    22.070708: sched_stat_runtime: comm=32procs pid=1111 runtime=999848 [ns] vruntime=5632705947 [ns]
         32procs-1110    [001] d.h..    22.070708: sched_stat_runtime: comm=32procs pid=1110 runtime=999848 [ns] vruntime=2972957354 [ns]
         32procs-1094    [002] d.h..    22.070708: sched_stat_runtime: comm=32procs pid=1094 runtime=999848 [ns] vruntime=908133037 [ns]
         32procs-1094    [002] d....    22.070708: sched_switch: prev_comm=32procs prev_pid=1094 prev_prio=120 prev_state=R ==> next_comm=32procs next_pid=1088 next_prio=120
         32procs-1113    [003] d.h..    22.070708: sched_stat_runtime: comm=32procs pid=1113 runtime=999848 [ns] vruntime=1701296722 [ns]
         32procs-1113    [003] d....    22.070708: sched_switch: prev_comm=32procs prev_pid=1113 prev_prio=120 prev_state=R ==> next_comm=32procs next_pid=1097 next_prio=120
         32procs-1111    [000] d.h..    22.071707: sched_stat_runtime: comm=32procs pid=1111 runtime=999848 [ns] vruntime=5633705795 [ns]
         32procs-1111    [000] d....    22.071707: sched_switch: prev_comm=32procs prev_pid=1111 prev_prio=120 prev_state=R ==> next_comm=32procs next_pid=1091 next_prio=120
         32procs-1091    [000] d.h..    22.072707: sched_stat_runtime: comm=32procs pid=1091 runtime=999848 [ns] vruntime=5632454128 [ns]
         32procs-1110    [001] d.h..    22.072707: sched_stat_runtime: comm=32procs pid=1110 runtime=1999696 [ns] vruntime=2974957050 [ns]
         32procs-1110    [001] d....    22.072707: sched_switch: prev_comm=32procs prev_pid=1110 prev_prio=120 prev_state=R ==> next_comm=32procs next_pid=1098 next_prio=120
         32procs-1088    [002] d.h..    22.072707: sched_stat_runtime: comm=32procs pid=1088 runtime=1999696 [ns] vruntime=907132127 [ns]
         32procs-1097    [003] d.h..    22.072707: sched_stat_runtime: comm=32procs pid=1097 runtime=1999696 [ns] vruntime=1700296421 [ns]
         32procs-1091    [000] d.h..    22.073707: sched_stat_runtime: comm=32procs pid=1091 runtime=999848 [ns] vruntime=5633453976 [ns]
         32procs-1098    [001] d.h..    22.073707: sched_stat_runtime: comm=32procs pid=1098 runtime=999848 [ns] vruntime=2972206442 [ns]
         32procs-1088    [002] d.h..    22.073707: sched_stat_runtime: comm=32procs pid=1088 runtime=999848 [ns] vruntime=908131975 [ns]
         32procs-1097    [003] d.h..    22.073707: sched_stat_runtime: comm=32procs pid=1097 runtime=999848 [ns] vruntime=1701296269 [ns]
         32procs-1091    [000] d.h..    22.074707: sched_stat_runtime: comm=32procs pid=1091 runtime=999848 [ns] vruntime=5634453824 [ns]
         32procs-1091    [000] d....    22.074707: sched_switch: prev_comm=32procs prev_pid=1091 prev_prio=120 prev_state=R ==> next_comm=32procs next_pid=1100 next_prio=120
         32procs-1098    [001] d.h..    22.074707: sched_stat_runtime: comm=32procs pid=1098 runtime=999848 [ns] vruntime=2973206290 [ns]
         32procs-1088    [002] d.h..    22.074707: sched_stat_runtime: comm=32procs pid=1088 runtime=999848 [ns] vruntime=909131823 [ns]
         32procs-1088    [002] d....    22.074707: sched_switch: prev_comm=32procs prev_pid=1088 prev_prio=120 prev_state=R ==> next_comm=32procs next_pid=1109 next_prio=120
         32procs-1097    [003] d.h..    22.074707: sched_stat_runtime: comm=32procs pid=1097 runtime=999848 [ns] vruntime=1702296117 [ns]
         32procs-1097    [003] d....    22.074707: sched_switch: prev_comm=32procs prev_pid=1097 prev_prio=120 prev_state=R ==> next_comm=32procs next_pid=1096 next_prio=120
         32procs-1100    [000] d.h..    22.075707: sched_stat_runtime: comm=32procs pid=1100 runtime=999848 [ns] vruntime=5632455643 [ns]
         32procs-1098    [001] d.h..    22.075707: sched_stat_runtime: comm=32procs pid=1098 runtime=999848 [ns] vruntime=2974206138 [ns]
         32procs-1098    [001] d....    22.075707: sched_switch: prev_comm=32procs prev_pid=1098 prev_prio=120 prev_state=R ==> next_comm=32procs next_pid=1087 next_prio=120
         32procs-1100    [000] d.h..    22.076707: sched_stat_runtime: comm=32procs pid=1100 runtime=999848 [ns] vruntime=5633455491 [ns]
         32procs-1087    [001] d.h..    22.076707: sched_stat_runtime: comm=32procs pid=1087 runtime=999848 [ns] vruntime=2972705535 [ns]
         32procs-1109    [002] d.h..    22.076707: sched_stat_runtime: comm=32procs pid=1109 runtime=1999696 [ns] vruntime=907383946 [ns]
         32procs-1096    [003] d.h..    22.076707: sched_stat_runtime: comm=32procs pid=1096 runtime=1999696 [ns] vruntime=1701296269 [ns]
         32procs-1100    [000] d.h..    22.077706: sched_stat_runtime: comm=32procs pid=1100 runtime=999848 [ns] vruntime=5634455339 [ns]
         32procs-1100    [000] d....    22.077706: sched_switch: prev_comm=32procs prev_pid=1100 prev_prio=120 prev_state=R ==> next_comm=32procs next_pid=1106 next_prio=120
         32procs-1087    [001] d.h..    22.077706: sched_stat_runtime: comm=32procs pid=1087 runtime=999848 [ns] vruntime=2973705383 [ns]
         32procs-1109    [002] d.h..    22.077706: sched_stat_runtime: comm=32procs pid=1109 runtime=999848 [ns] vruntime=908383794 [ns]
         32procs-1106    [000] d.h..    22.078706: sched_stat_runtime: comm=32procs pid=1106 runtime=999848 [ns] vruntime=5633527067 [ns]
         32procs-1087    [001] d.h..    22.078706: sched_stat_runtime: comm=32procs pid=1087 runtime=999848 [ns] vruntime=2974705231 [ns]
         32procs-1087    [001] d....    22.078706: sched_switch: prev_comm=32procs prev_pid=1087 prev_prio=120 prev_state=R ==> next_comm=32procs next_pid=1107 next_prio=120
         32procs-1109    [002] d.h..    22.078706: sched_stat_runtime: comm=32procs pid=1109 runtime=999848 [ns] vruntime=909383642 [ns]
         32procs-1109    [002] d....    22.078706: sched_switch: prev_comm=32procs prev_pid=1109 prev_prio=120 prev_state=R ==> next_comm=32procs next_pid=1112 next_prio=120
         32procs-1096    [003] d.h..    22.078706: sched_stat_runtime: comm=32procs pid=1096 runtime=1999696 [ns] vruntime=1703295965 [ns]
         32procs-1096    [003] d....    22.078706: sched_switch: prev_comm=32procs prev_pid=1096 prev_prio=120 prev_state=R ==> next_comm=32procs next_pid=1099 next_prio=120
         32procs-1106    [000] d.h..    22.079706: sched_stat_runtime: comm=32procs pid=1106 runtime=999848 [ns] vruntime=5634526915 [ns]
         32procs-1112    [002] d.h..    22.079706: sched_stat_runtime: comm=32procs pid=1112 runtime=999848 [ns] vruntime=907734094 [ns]
         32procs-1106    [000] d.h..    22.080706: sched_stat_runtime: comm=32procs pid=1106 runtime=999848 [ns] vruntime=5635526763 [ns]
         32procs-1106    [000] d....    22.080706: sched_switch: prev_comm=32procs prev_pid=1106 prev_prio=120 prev_state=R ==> next_comm=32procs next_pid=1114 next_prio=120
         32procs-1114    [000] .....    22.080706: sched_process_fork: comm=32procs pid=1114 child_comm=32procs child_pid=1118
         32procs-1114    [000] d....    22.080706: sched_wakeup_new: comm=32procs pid=1118 prio=120 target_cpu=000
         32procs-1107    [001] d.h..    22.080706: sched_stat_runtime: comm=32procs pid=1107 runtime=1999696 [ns] vruntime=2973806742 [ns]
         32procs-1112    [002] d.h..    22.080706: sched_stat_runtime: comm=32procs pid=1112 runtime=999848 [ns] vruntime=908733942 [ns]
         32procs-1099    [003] d.h..    22.080706: sched_stat_runtime: comm=32procs pid=1099 runtime=1999696 [ns] vruntime=1701296269 [ns]
         32procs-1114    [000] d.h..    22.081706: sched_stat_runtime: comm=32procs pid=1114 runtime=999848 [ns] vruntime=5633806092 [ns]
         32procs-1107    [001] d.h..    22.081706: sched_stat_runtime: comm=32procs pid=1107 runtime=999848 [ns] vruntime=2974806590 [ns]
         32procs-1107    [001] d....    22.081706: sched_switch: prev_comm=32procs prev_pid=1107 prev_prio=120 prev_state=R ==> next_comm=32procs next_pid=1102 next_prio=120
         32procs-1112    [002] d.h..    22.081706: sched_stat_runtime: comm=32procs pid=1112 runtime=999848 [ns] vruntime=909733790 [ns]
